[     146ms] [LOG] [Fast Refresh] rebuilding @ http://localhost:3000/_next/static/chunks/node_modules_next_dist_f3530cac._.js:2297
[     343ms] [LOG] [Fast Refresh] done in 300ms @ http://localhost:3000/_next/static/chunks/node_modules_next_dist_f3530cac._.js:2297
[     444ms] [INFO] %cDownload the React DevTools for a better development experience: https://react.dev/link/react-devtools font-weight:bold @ http://localhost:3000/_next/static/chunks/node_modules_next_dist_f3530cac._.js:2297
[     555ms] [LOG] [HMR] connected @ http://localhost:3000/_next/static/chunks/node_modules_next_dist_f3530cac._.js:2297
[     892ms] [WARNING] Image with src "/images/avatar-hero-2.jpg" has either width or height modified, but not the other. If you use CSS to change the size of your image, also include the styles 'width: "auto"' or 'height: "auto"' to maintain the aspect ratio. @ http://localhost:3000/_next/static/chunks/node_modules_next_dist_f3530cac._.js:2297
[     929ms] [LOG] [Fast Refresh] rebuilding @ http://localhost:3000/_next/static/chunks/node_modules_next_dist_f3530cac._.js:2297
[     983ms] Error: Module [project]/lib/actions/data:b750ad [app-client] (ecmascript) <text/javascript> was instantiated because it was required from module [project]/components/ui/StickyNewsletterBar.tsx [app-client] (ecmascript), but the module factory is not available. It might have been deleted in an HMR update.
    at instantiateModule (http://localhost:3000/_next/static/chunks/turbopack-_23a915ee._.js:845:15)
    at getOrInstantiateModuleFromParent (http://localhost:3000/_next/static/chunks/turbopack-_23a915ee._.js:830:12)
    at DevContext.esmImport [as i] (http://localhost:3000/_next/static/chunks/turbopack-_23a915ee._.js:238:20)
    at module evaluation (http://localhost:3000/_next/static/chunks/components_ui_StickyNewsletterBar_tsx_184cfb56._.js:18:183)
    at http://localhost:3000/_next/static/chunks/turbopack-_23a915ee._.js:879:13
    at runModuleExecutionHooks (http://localhost:3000/_next/static/chunks/turbopack-_23a915ee._.js:904:13)
    at instantiateModule (http://localhost:3000/_next/static/chunks/turbopack-_23a915ee._.js:877:9)
    at getOrInstantiateModuleFromParent (http://localhost:3000/_next/static/chunks/turbopack-_23a915ee._.js:830:12)
    at DevContext.esmImport [as i] (http://localhost:3000/_next/static/chunks/turbopack-_23a915ee._.js:238:20)
    at module evaluation (http://localhost:3000/_next/static/chunks/components_ui_StickyNewsletterBar_tsx_184cfb56._.js:218:47)
    at http://localhost:3000/_next/static/chunks/turbopack-_23a915ee._.js:879:13
    at runModuleExecutionHooks (http://localhost:3000/_next/static/chunks/turbopack-_23a915ee._.js:904:13)
    at instantiateModule (http://localhost:3000/_next/static/chunks/turbopack-_23a915ee._.js:877:9)
    at getOrInstantiateModuleFromParent (http://localhost:3000/_next/static/chunks/turbopack-_23a915ee._.js:830:12)
    at DevContext.esmImport [as i] (http://localhost:3000/_next/static/chunks/turbopack-_23a915ee._.js:238:20)
    at http://localhost:3000/_next/static/chunks/components_ui_6d7e843f._.js:21:16
[    1342ms] [LOG] [Fast Refresh] done in 522ms @ http://localhost:3000/_next/static/chunks/node_modules_next_dist_f3530cac._.js:2297
[    9962ms] [LOG] [Fast Refresh] rebuilding @ http://localhost:3000/_next/static/chunks/node_modules_next_dist_f3530cac._.js:2297
[   10183ms] [LOG] [Fast Refresh] done in 322ms @ http://localhost:3000/_next/static/chunks/node_modules_next_dist_f3530cac._.js:2297
[   34901ms] [LOG] [Fast Refresh] rebuilding @ http://localhost:3000/_next/static/chunks/node_modules_next_dist_f3530cac._.js:2297
[   35134ms] [WARNING] [Fast Refresh] performing full reload because your application had an unrecoverable error @ http://localhost:3000/_next/static/chunks/node_modules_next_dist_f3530cac._.js:2297
[   35142ms] [WARNING] [Fast Refresh] performing full reload because your application had an unrecoverable error @ http://localhost:3000/_next/static/chunks/node_modules_next_dist_f3530cac._.js:2297
[   35157ms] [WARNING] [Fast Refresh] performing full reload because your application had an unrecoverable error @ http://localhost:3000/_next/static/chunks/node_modules_next_dist_f3530cac._.js:2297
[   35213ms] [WARNING] [Fast Refresh] performing full reload because your application had an unrecoverable error @ http://localhost:3000/_next/static/chunks/node_modules_next_dist_f3530cac._.js:2297
[   36141ms] [LOG] [Fast Refresh] done in 416ms @ http://localhost:3000/_next/static/chunks/node_modules_next_dist_f3530cac._.js:2297
[   36309ms] [INFO] %cDownload the React DevTools for a better development experience: https://react.dev/link/react-devtools font-weight:bold @ http://localhost:3000/_next/static/chunks/node_modules_next_dist_f3530cac._.js:2297
[   36401ms] [LOG] [HMR] connected @ http://localhost:3000/_next/static/chunks/node_modules_next_dist_f3530cac._.js:2297
[   36548ms] [WARNING] Image with src "/images/avatar-hero-2.jpg" has either width or height modified, but not the other. If you use CSS to change the size of your image, also include the styles 'width: "auto"' or 'height: "auto"' to maintain the aspect ratio. @ http://localhost:3000/_next/static/chunks/node_modules_next_dist_f3530cac._.js:2297
[   36633ms] Error: Module [project]/lib/actions/data:b750ad [app-client] (ecmascript) <text/javascript> was instantiated because it was required from module [project]/components/ui/StickyNewsletterBar.tsx [app-client] (ecmascript), but the module factory is not available. It might have been deleted in an HMR update.
    at instantiateModule (http://localhost:3000/_next/static/chunks/turbopack-_23a915ee._.js:845:15)
    at getOrInstantiateModuleFromParent (http://localhost:3000/_next/static/chunks/turbopack-_23a915ee._.js:830:12)
    at DevContext.esmImport [as i] (http://localhost:3000/_next/static/chunks/turbopack-_23a915ee._.js:238:20)
    at module evaluation (http://localhost:3000/_next/static/chunks/components_ui_StickyNewsletterBar_tsx_184cfb56._.js:18:183)
    at http://localhost:3000/_next/static/chunks/turbopack-_23a915ee._.js:879:13
    at runModuleExecutionHooks (http://localhost:3000/_next/static/chunks/turbopack-_23a915ee._.js:904:13)
    at instantiateModule (http://localhost:3000/_next/static/chunks/turbopack-_23a915ee._.js:877:9)
    at getOrInstantiateModuleFromParent (http://localhost:3000/_next/static/chunks/turbopack-_23a915ee._.js:830:12)
    at DevContext.esmImport [as i] (http://localhost:3000/_next/static/chunks/turbopack-_23a915ee._.js:238:20)
    at module evaluation (http://localhost:3000/_next/static/chunks/components_ui_StickyNewsletterBar_tsx_184cfb56._.js:218:47)
    at http://localhost:3000/_next/static/chunks/turbopack-_23a915ee._.js:879:13
    at runModuleExecutionHooks (http://localhost:3000/_next/static/chunks/turbopack-_23a915ee._.js:904:13)
    at instantiateModule (http://localhost:3000/_next/static/chunks/turbopack-_23a915ee._.js:877:9)
    at getOrInstantiateModuleFromParent (http://localhost:3000/_next/static/chunks/turbopack-_23a915ee._.js:830:12)
    at DevContext.esmImport [as i] (http://localhost:3000/_next/static/chunks/turbopack-_23a915ee._.js:238:20)
    at http://localhost:3000/_next/static/chunks/components_ui_a52a840d._.js:21:16
