[     129ms] [LOG] [Fast Refresh] rebuilding @ http://localhost:3000/_next/static/chunks/node_modules_next_dist_f3530cac._.js:2297
[     197ms] [LOG] [Fast Refresh] done in 171ms @ http://localhost:3000/_next/static/chunks/node_modules_next_dist_f3530cac._.js:2297
[     264ms] [INFO] %cDownload the React DevTools for a better development experience: https://react.dev/link/react-devtools font-weight:bold @ http://localhost:3000/_next/static/chunks/node_modules_next_dist_f3530cac._.js:2297
[     342ms] [LOG] [HMR] connected @ http://localhost:3000/_next/static/chunks/node_modules_next_dist_f3530cac._.js:2297
[     609ms] [WARNING] Image with src "/images/avatar-hero-2.jpg" has either width or height modified, but not the other. If you use CSS to change the size of your image, also include the styles 'width: "auto"' or 'height: "auto"' to maintain the aspect ratio. @ http://localhost:3000/_next/static/chunks/node_modules_next_dist_f3530cac._.js:2297
[     649ms] [LOG] [Fast Refresh] rebuilding @ http://localhost:3000/_next/static/chunks/node_modules_next_dist_f3530cac._.js:2297
[     694ms] Error: Module [project]/lib/actions/data:b750ad [app-client] (ecmascript) <text/javascript> was instantiated because it was required from module [project]/components/ui/StickyNewsletterBar.tsx [app-client] (ecmascript), but the module factory is not available. It might have been deleted in an HMR update.
    at instantiateModule (http://localhost:3000/_next/static/chunks/turbopack-_23a915ee._.js:845:15)
    at getOrInstantiateModuleFromParent (http://localhost:3000/_next/static/chunks/turbopack-_23a915ee._.js:830:12)
    at DevContext.esmImport [as i] (http://localhost:3000/_next/static/chunks/turbopack-_23a915ee._.js:238:20)
    at module evaluation (http://localhost:3000/_next/static/chunks/components_ui_StickyNewsletterBar_tsx_184cfb56._.js:18:183)
    at http://localhost:3000/_next/static/chunks/turbopack-_23a915ee._.js:879:13
    at runModuleExecutionHooks (http://localhost:3000/_next/static/chunks/turbopack-_23a915ee._.js:904:13)
    at instantiateModule (http://localhost:3000/_next/static/chunks/turbopack-_23a915ee._.js:877:9)
    at getOrInstantiateModuleFromParent (http://localhost:3000/_next/static/chunks/turbopack-_23a915ee._.js:830:12)
    at DevContext.esmImport [as i] (http://localhost:3000/_next/static/chunks/turbopack-_23a915ee._.js:238:20)
    at module evaluation (http://localhost:3000/_next/static/chunks/components_ui_StickyNewsletterBar_tsx_184cfb56._.js:218:47)
    at http://localhost:3000/_next/static/chunks/turbopack-_23a915ee._.js:879:13
    at runModuleExecutionHooks (http://localhost:3000/_next/static/chunks/turbopack-_23a915ee._.js:904:13)
    at instantiateModule (http://localhost:3000/_next/static/chunks/turbopack-_23a915ee._.js:877:9)
    at getOrInstantiateModuleFromParent (http://localhost:3000/_next/static/chunks/turbopack-_23a915ee._.js:830:12)
    at DevContext.esmImport [as i] (http://localhost:3000/_next/static/chunks/turbopack-_23a915ee._.js:238:20)
    at http://localhost:3000/_next/static/chunks/components_ui_a52a840d._.js:21:16
[     896ms] [LOG] [Fast Refresh] done in 358ms @ http://localhost:3000/_next/static/chunks/node_modules_next_dist_f3530cac._.js:2297
[   10564ms] [LOG] [Fast Refresh] rebuilding @ http://localhost:3000/_next/static/chunks/node_modules_next_dist_f3530cac._.js:2297
[   10738ms] [LOG] [Fast Refresh] done in 287ms @ http://localhost:3000/_next/static/chunks/node_modules_next_dist_f3530cac._.js:2297
[   41942ms] [LOG] [Fast Refresh] rebuilding @ http://localhost:3000/_next/static/chunks/node_modules_next_dist_f3530cac._.js:2297
[   42314ms] [LOG] [Fast Refresh] done in 199ms @ http://localhost:3000/_next/static/chunks/node_modules_next_dist_f3530cac._.js:2297
[   44595ms] [INFO] %cDownload the React DevTools for a better development experience: https://react.dev/link/react-devtools font-weight:bold @ http://localhost:3000/_next/static/chunks/node_modules_next_dist_f3530cac._.js:2297
[   44676ms] [LOG] [HMR] connected @ http://localhost:3000/_next/static/chunks/node_modules_next_dist_f3530cac._.js:2297
[   44823ms] [WARNING] Image with src "/images/avatar-hero-2.jpg" has either width or height modified, but not the other. If you use CSS to change the size of your image, also include the styles 'width: "auto"' or 'height: "auto"' to maintain the aspect ratio. @ http://localhost:3000/_next/static/chunks/node_modules_next_dist_f3530cac._.js:2297
[   44897ms] Error: Module [project]/lib/actions/data:b750ad [app-client] (ecmascript) <text/javascript> was instantiated because it was required from module [project]/components/ui/StickyNewsletterBar.tsx [app-client] (ecmascript), but the module factory is not available. It might have been deleted in an HMR update.
    at instantiateModule (http://localhost:3000/_next/static/chunks/turbopack-_23a915ee._.js:845:15)
    at getOrInstantiateModuleFromParent (http://localhost:3000/_next/static/chunks/turbopack-_23a915ee._.js:830:12)
    at DevContext.esmImport [as i] (http://localhost:3000/_next/static/chunks/turbopack-_23a915ee._.js:238:20)
    at module evaluation (http://localhost:3000/_next/static/chunks/components_ui_StickyNewsletterBar_tsx_184cfb56._.js:18:183)
    at http://localhost:3000/_next/static/chunks/turbopack-_23a915ee._.js:879:13
    at runModuleExecutionHooks (http://localhost:3000/_next/static/chunks/turbopack-_23a915ee._.js:904:13)
    at instantiateModule (http://localhost:3000/_next/static/chunks/turbopack-_23a915ee._.js:877:9)
    at getOrInstantiateModuleFromParent (http://localhost:3000/_next/static/chunks/turbopack-_23a915ee._.js:830:12)
    at DevContext.esmImport [as i] (http://localhost:3000/_next/static/chunks/turbopack-_23a915ee._.js:238:20)
    at module evaluation (http://localhost:3000/_next/static/chunks/components_ui_StickyNewsletterBar_tsx_184cfb56._.js:218:47)
    at http://localhost:3000/_next/static/chunks/turbopack-_23a915ee._.js:879:13
    at runModuleExecutionHooks (http://localhost:3000/_next/static/chunks/turbopack-_23a915ee._.js:904:13)
    at instantiateModule (http://localhost:3000/_next/static/chunks/turbopack-_23a915ee._.js:877:9)
    at getOrInstantiateModuleFromParent (http://localhost:3000/_next/static/chunks/turbopack-_23a915ee._.js:830:12)
    at DevContext.esmImport [as i] (http://localhost:3000/_next/static/chunks/turbopack-_23a915ee._.js:238:20)
    at http://localhost:3000/_next/static/chunks/components_ui_a52a840d._.js:21:16
[   98642ms] [LOG] [Fast Refresh] rebuilding @ http://localhost:3000/_next/static/chunks/node_modules_next_dist_f3530cac._.js:2297
[   98915ms] [WARNING] [Fast Refresh] performing full reload because your application had an unrecoverable error @ http://localhost:3000/_next/static/chunks/node_modules_next_dist_f3530cac._.js:2297
[   98921ms] [WARNING] [Fast Refresh] performing full reload because your application had an unrecoverable error @ http://localhost:3000/_next/static/chunks/node_modules_next_dist_f3530cac._.js:2297
[   98926ms] [WARNING] [Fast Refresh] performing full reload because your application had an unrecoverable error @ http://localhost:3000/_next/static/chunks/node_modules_next_dist_f3530cac._.js:2297
[   98961ms] [WARNING] [Fast Refresh] performing full reload because your application had an unrecoverable error @ http://localhost:3000/_next/static/chunks/node_modules_next_dist_f3530cac._.js:2297
[   99416ms] [LOG] [Fast Refresh] done in 422ms @ http://localhost:3000/_next/static/chunks/node_modules_next_dist_f3530cac._.js:2297
[   99473ms] [INFO] %cDownload the React DevTools for a better development experience: https://react.dev/link/react-devtools font-weight:bold @ http://localhost:3000/_next/static/chunks/node_modules_next_dist_f3530cac._.js:2297
[   99548ms] [LOG] [HMR] connected @ http://localhost:3000/_next/static/chunks/node_modules_next_dist_f3530cac._.js:2297
[   99710ms] [WARNING] Image with src "/images/avatar-hero-2.jpg" has either width or height modified, but not the other. If you use CSS to change the size of your image, also include the styles 'width: "auto"' or 'height: "auto"' to maintain the aspect ratio. @ http://localhost:3000/_next/static/chunks/node_modules_next_dist_f3530cac._.js:2297
[   99790ms] Error: Module [project]/lib/actions/data:b750ad [app-client] (ecmascript) <text/javascript> was instantiated because it was required from module [project]/components/ui/StickyNewsletterBar.tsx [app-client] (ecmascript), but the module factory is not available. It might have been deleted in an HMR update.
    at instantiateModule (http://localhost:3000/_next/static/chunks/turbopack-_23a915ee._.js:845:15)
    at getOrInstantiateModuleFromParent (http://localhost:3000/_next/static/chunks/turbopack-_23a915ee._.js:830:12)
    at DevContext.esmImport [as i] (http://localhost:3000/_next/static/chunks/turbopack-_23a915ee._.js:238:20)
    at module evaluation (http://localhost:3000/_next/static/chunks/components_ui_StickyNewsletterBar_tsx_184cfb56._.js:18:183)
    at http://localhost:3000/_next/static/chunks/turbopack-_23a915ee._.js:879:13
    at runModuleExecutionHooks (http://localhost:3000/_next/static/chunks/turbopack-_23a915ee._.js:904:13)
    at instantiateModule (http://localhost:3000/_next/static/chunks/turbopack-_23a915ee._.js:877:9)
    at getOrInstantiateModuleFromParent (http://localhost:3000/_next/static/chunks/turbopack-_23a915ee._.js:830:12)
    at DevContext.esmImport [as i] (http://localhost:3000/_next/static/chunks/turbopack-_23a915ee._.js:238:20)
    at module evaluation (http://localhost:3000/_next/static/chunks/components_ui_StickyNewsletterBar_tsx_184cfb56._.js:218:47)
    at http://localhost:3000/_next/static/chunks/turbopack-_23a915ee._.js:879:13
    at runModuleExecutionHooks (http://localhost:3000/_next/static/chunks/turbopack-_23a915ee._.js:904:13)
    at instantiateModule (http://localhost:3000/_next/static/chunks/turbopack-_23a915ee._.js:877:9)
    at getOrInstantiateModuleFromParent (http://localhost:3000/_next/static/chunks/turbopack-_23a915ee._.js:830:12)
    at DevContext.esmImport [as i] (http://localhost:3000/_next/static/chunks/turbopack-_23a915ee._.js:238:20)
    at http://localhost:3000/_next/static/chunks/components_ui_6d7e843f._.js:21:16
