[     149ms] [LOG] [Fast Refresh] rebuilding @ http://localhost:3000/_next/static/chunks/node_modules_next_dist_f3530cac._.js:2297
[    2605ms] [LOG] [Fast Refresh] done in 2565ms @ http://localhost:3000/_next/static/chunks/node_modules_next_dist_f3530cac._.js:2297
[    2937ms] [INFO] %cDownload the React DevTools for a better development experience: https://react.dev/link/react-devtools font-weight:bold @ http://localhost:3000/_next/static/chunks/node_modules_next_dist_f3530cac._.js:2297
[    3030ms] [LOG] [HMR] connected @ http://localhost:3000/_next/static/chunks/node_modules_next_dist_f3530cac._.js:2297
[    3317ms] Error: Module [project]/lib/actions/data:b750ad [app-client] (ecmascript) <text/javascript> was instantiated because it was required from module [project]/components/ui/StickyNewsletterBar.tsx [app-client] (ecmascript), but the module factory is not available. It might have been deleted in an HMR update.
    at instantiateModule (http://localhost:3000/_next/static/chunks/turbopack-_23a915ee._.js:845:15)
    at getOrInstantiateModuleFromParent (http://localhost:3000/_next/static/chunks/turbopack-_23a915ee._.js:830:12)
    at DevContext.esmImport [as i] (http://localhost:3000/_next/static/chunks/turbopack-_23a915ee._.js:238:20)
    at module evaluation (http://localhost:3000/_next/static/chunks/components_ui_StickyNewsletterBar_tsx_184cfb56._.js:18:183)
    at http://localhost:3000/_next/static/chunks/turbopack-_23a915ee._.js:879:13
    at runModuleExecutionHooks (http://localhost:3000/_next/static/chunks/turbopack-_23a915ee._.js:904:13)
    at instantiateModule (http://localhost:3000/_next/static/chunks/turbopack-_23a915ee._.js:877:9)
    at getOrInstantiateModuleFromParent (http://localhost:3000/_next/static/chunks/turbopack-_23a915ee._.js:830:12)
    at DevContext.esmImport [as i] (http://localhost:3000/_next/static/chunks/turbopack-_23a915ee._.js:238:20)
    at module evaluation (http://localhost:3000/_next/static/chunks/components_ui_StickyNewsletterBar_tsx_184cfb56._.js:218:47)
    at http://localhost:3000/_next/static/chunks/turbopack-_23a915ee._.js:879:13
    at runModuleExecutionHooks (http://localhost:3000/_next/static/chunks/turbopack-_23a915ee._.js:904:13)
    at instantiateModule (http://localhost:3000/_next/static/chunks/turbopack-_23a915ee._.js:877:9)
    at getOrInstantiateModuleFromParent (http://localhost:3000/_next/static/chunks/turbopack-_23a915ee._.js:830:12)
    at DevContext.esmImport [as i] (http://localhost:3000/_next/static/chunks/turbopack-_23a915ee._.js:238:20)
    at http://localhost:3000/_next/static/chunks/components_ui_79a5c94b._.js:21:16
[    3348ms] [LOG] [Fast Refresh] rebuilding @ http://localhost:3000/_next/static/chunks/node_modules_next_dist_f3530cac._.js:2297
[    3395ms] [LOG] [Fast Refresh] done in 150ms @ http://localhost:3000/_next/static/chunks/node_modules_next_dist_f3530cac._.js:2297
[    8096ms] [LOG] [Fast Refresh] rebuilding @ http://localhost:3000/_next/static/chunks/node_modules_next_dist_f3530cac._.js:2297
[    8474ms] [LOG] [Fast Refresh] done in 481ms @ http://localhost:3000/_next/static/chunks/node_modules_next_dist_f3530cac._.js:2297
[   14544ms] [LOG] [Fast Refresh] rebuilding @ http://localhost:3000/_next/static/chunks/node_modules_next_dist_f3530cac._.js:2297
[   14855ms] [LOG] [Fast Refresh] done in 416ms @ http://localhost:3000/_next/static/chunks/node_modules_next_dist_f3530cac._.js:2297
